Хватит здороваться, утырок. 4000 рублей на карту, быстро. Достал уже завтраками кормить. Плати сейчас, или пожалеешь, что вообще на свет родился. Время пошло.